MemTotal:        5945324 kB
MemFree:          753472 kB
MemAvailable:    2524416 kB
Buffers:             416 kB
Cached:          2016940 kB
SwapCached:       194252 kB
Active:          2182668 kB
Inactive:        2312944 kB
Active(anon):    1231496 kB
Inactive(anon):  1584708 kB
Active(file):     951172 kB
Inactive(file):   728236 kB
Unevictable:           4 kB
Mlocked:               4 kB
SwapTotal:       1679356 kB
SwapFree:         749820 kB
Dirty:              1048 kB
Writeback:          1900 kB
AnonPages:       2285224 kB
Mapped:           195156 kB
Shmem:            337948 kB
Slab:             533216 kB
SReclaimable:     389368 kB
SUnreclaim:       143848 kB
KernelStack:       15280 kB
PageTables:        42836 kB
NFS_Unstable:          0 kB
Bounce:                0 kB
WritebackTmp:          0 kB
CommitLimit:     4652016 kB
Committed_AS:    6795580 kB
VmallocTotal:   34359738367 kB
VmallocUsed:      161132 kB
VmallocChunk:   34359341052 kB
HardwareCorrupted:     0 kB
AnonHugePages:   1429504 kB
CmaTotal:              0 kB
CmaFree:               0 kB
HugePages_Total:       0
HugePages_Free:        0
HugePages_Rsvd:        0
HugePages_Surp:        0
Hugepagesize:       2048 kB
DirectMap4k:      153536 kB
DirectMap2M:     6137856 kB