MemTotal:        3866064 kB
MemFree:         1002232 kB
MemAvailable:    1340860 kB
Buffers:              92 kB
Cached:           553944 kB
SwapCached:       281204 kB
Active:          1687648 kB
Inactive:         858444 kB
Active(anon):    1324188 kB
Inactive(anon):   750664 kB
Active(file):     363460 kB
Inactive(file):   107780 kB
Unevictable:           0 kB
Mlocked:               0 kB
SwapTotal:       1679356 kB
SwapFree:          57956 kB
Dirty:                60 kB
Writeback:             0 kB
AnonPages:       1711000 kB
Mapped:            53200 kB
Shmem:             82796 kB
Slab:             206392 kB
SReclaimable:     144032 kB
SUnreclaim:        62360 kB
KernelStack:        5840 kB
PageTables:        29320 kB
NFS_Unstable:          0 kB
Bounce:                0 kB
WritebackTmp:          0 kB
CommitLimit:     3612388 kB
Committed_AS:    4454092 kB
VmallocTotal:   34359738367 kB
VmallocUsed:      150804 kB
VmallocChunk:   34359341052 kB
HardwareCorrupted:     0 kB
AnonHugePages:   1441792 kB
HugePages_Total:       0
HugePages_Free:        0
HugePages_Rsvd:        0
HugePages_Surp:        0
Hugepagesize:       2048 kB
DirectMap4k:      102336 kB
DirectMap2M:     4075520 kB