MemTotal:        5945324 kB
MemFree:          284036 kB
MemAvailable:    2278224 kB
Buffers:             528 kB
Cached:          2240604 kB
SwapCached:       191516 kB
Active:          2424044 kB
Inactive:        2543180 kB
Active(anon):    1359028 kB
Inactive(anon):  1699504 kB
Active(file):    1065016 kB
Inactive(file):   843676 kB
Unevictable:           4 kB
Mlocked:               4 kB
SwapTotal:       1679356 kB
SwapFree:         974076 kB
Dirty:               824 kB
Writeback:             0 kB
AnonPages:       2535768 kB
Mapped:           193520 kB
Shmem:            332492 kB
Slab:             522236 kB
SReclaimable:     383328 kB
SUnreclaim:       138908 kB
KernelStack:       15072 kB
PageTables:        40940 kB
NFS_Unstable:          0 kB
Bounce:                0 kB
WritebackTmp:          0 kB
CommitLimit:     4652016 kB
Committed_AS:    6811604 kB
VmallocTotal:   34359738367 kB
VmallocUsed:      161132 kB
VmallocChunk:   34359341052 kB
HardwareCorrupted:     0 kB
AnonHugePages:   1628160 kB
CmaTotal:              0 kB
CmaFree:               0 kB
HugePages_Total:       0
HugePages_Free:        0
HugePages_Rsvd:        0
HugePages_Surp:        0
Hugepagesize:       2048 kB
DirectMap4k:      153536 kB
DirectMap2M:     6137856 kB