MemTotal:        1922252 kB
MemFree:          315244 kB
Buffers:            6528 kB
Cached:           175328 kB
SwapCached:        13680 kB
Active:          1055152 kB
Inactive:         439036 kB
Active(anon):     913328 kB
Inactive(anon):   399232 kB
Active(file):     141824 kB
Inactive(file):    39804 kB
Unevictable:           0 kB
Mlocked:               0 kB
SwapTotal:       3145724 kB
SwapFree:        1514204 kB
Dirty:               404 kB
Writeback:             0 kB
AnonPages:       1305516 kB
Mapped:            33572 kB
Shmem:               228 kB
Slab:              54424 kB
SReclaimable:      23552 kB
SUnreclaim:        30872 kB
KernelStack:        4432 kB
PageTables:        26164 kB
NFS_Unstable:          0 kB
Bounce:                0 kB
WritebackTmp:          0 kB
CommitLimit:     4106848 kB
Committed_AS:    3285144 kB
VmallocTotal:   34359738367 kB
VmallocUsed:      143160 kB
VmallocChunk:   34359587288 kB
HardwareCorrupted:     0 kB
AnonHugePages:    747520 kB
HugePages_Total:       0
HugePages_Free:        0
HugePages_Rsvd:        0
HugePages_Surp:        0
Hugepagesize:       2048 kB
DirectMap4k:        8192 kB
DirectMap2M:     2088960 kB