MemTotal:        1922252 kB
MemFree:          244936 kB
Buffers:           35796 kB
Cached:           300432 kB
SwapCached:        54196 kB
Active:          1105244 kB
Inactive:         434688 kB
Active(anon):     862728 kB
Inactive(anon):   350796 kB
Active(file):     242516 kB
Inactive(file):    83892 kB
Unevictable:           0 kB
Mlocked:               0 kB
SwapTotal:       3145724 kB
SwapFree:        1991592 kB
Dirty:               644 kB
Writeback:             0 kB
AnonPages:       1182780 kB
Mapped:            49224 kB
Shmem:              9828 kB
Slab:              69764 kB
SReclaimable:      36560 kB
SUnreclaim:        33204 kB
KernelStack:        5952 kB
PageTables:        32776 kB
NFS_Unstable:          0 kB
Bounce:                0 kB
WritebackTmp:          0 kB
CommitLimit:     4106848 kB
Committed_AS:    3430036 kB
VmallocTotal:   34359738367 kB
VmallocUsed:      143124 kB
VmallocChunk:   34359585412 kB
HardwareCorrupted:     0 kB
AnonHugePages:    368640 kB
HugePages_Total:       0
HugePages_Free:        0
HugePages_Rsvd:        0
HugePages_Surp:        0
Hugepagesize:       2048 kB
DirectMap4k:        8192 kB
DirectMap2M:     2088960 kB