MemTotal:        1922008 kB
MemFree:          229220 kB
Buffers:           56244 kB
Cached:           445140 kB
SwapCached:        28476 kB
Active:           941628 kB
Inactive:         614556 kB
Active(anon):     658868 kB
Inactive(anon):   410828 kB
Active(file):     282760 kB
Inactive(file):   203728 kB
Unevictable:           0 kB
Mlocked:               0 kB
SwapTotal:       3145724 kB
SwapFree:        2314196 kB
Dirty:               796 kB
Writeback:             0 kB
AnonPages:       1042880 kB
Mapped:            27508 kB
Shmem:             14916 kB
Slab:              74064 kB
SReclaimable:      42440 kB
SUnreclaim:        31624 kB
KernelStack:        4720 kB
PageTables:        22916 kB
NFS_Unstable:          0 kB
Bounce:                0 kB
WritebackTmp:          0 kB
CommitLimit:     4106728 kB
Committed_AS:    2946804 kB
VmallocTotal:   34359738367 kB
VmallocUsed:      150452 kB
VmallocChunk:   34359577220 kB
HardwareCorrupted:     0 kB
AnonHugePages:    356352 kB
HugePages_Total:       0
HugePages_Free:        0
HugePages_Rsvd:        0
HugePages_Surp:        0
Hugepagesize:       2048 kB
DirectMap4k:       14336 kB
DirectMap2M:     2082816 kB