MemTotal:        7802640 kB
MemFree:         1978144 kB
Buffers:          264684 kB
Cached:          3939012 kB
SwapCached:            0 kB
Active:          2679248 kB
Inactive:        2611968 kB
Active(anon):    1087832 kB
Inactive(anon):     1228 kB
Active(file):    1591416 kB
Inactive(file):  2610740 kB
Unevictable:           0 kB
Mlocked:               0 kB
SwapTotal:       8388604 kB
SwapFree:        8388604 kB
Dirty:              1068 kB
Writeback:             0 kB
AnonPages:       1087244 kB
Mapped:            40036 kB
Shmem:              1544 kB
Slab:             382580 kB
SReclaimable:     310324 kB
SUnreclaim:        72256 kB
KernelStack:        6352 kB
PageTables:        51708 kB
NFS_Unstable:          0 kB
Bounce:                0 kB
WritebackTmp:          0 kB
CommitLimit:    12289924 kB
Committed_AS:    7502832 kB
VmallocTotal:   34359738367 kB
VmallocUsed:      293352 kB
VmallocChunk:   34359437164 kB
HardwareCorrupted:     0 kB
AnonHugePages:    868352 kB
HugePages_Total:       0
HugePages_Free:        0
HugePages_Rsvd:        0
HugePages_Surp:        0
Hugepagesize:       2048 kB
DirectMap4k:        4096 kB
DirectMap2M:     2019328 kB
DirectMap1G:     6291456 kB