MemTotal:        1922252 kB
MemFree:          110596 kB
Buffers:          331480 kB
Cached:           501176 kB
SwapCached:        13732 kB
Active:           867900 kB
Inactive:         716012 kB
Active(anon):     357272 kB
Inactive(anon):   403664 kB
Active(file):     510628 kB
Inactive(file):   312348 kB
Unevictable:           0 kB
Mlocked:               0 kB
SwapTotal:       3145724 kB
SwapFree:        2915720 kB
Dirty:               564 kB
Writeback:             0 kB
AnonPages:        740604 kB
Mapped:            48008 kB
Shmem:              9680 kB
Slab:             169464 kB
SReclaimable:     138528 kB
SUnreclaim:        30936 kB
KernelStack:        4464 kB
PageTables:        26016 kB
NFS_Unstable:          0 kB
Bounce:                0 kB
WritebackTmp:          0 kB
CommitLimit:     4106848 kB
Committed_AS:    2015252 kB
VmallocTotal:   34359738367 kB
VmallocUsed:      143112 kB
VmallocChunk:   34359589840 kB
HardwareCorrupted:     0 kB
AnonHugePages:    585728 kB
HugePages_Total:       0
HugePages_Free:        0
HugePages_Rsvd:        0
HugePages_Surp:        0
Hugepagesize:       2048 kB
DirectMap4k:        8192 kB
DirectMap2M:     2088960 kB
