MemTotal:        2914816 kB
MemFree:         2068620 kB
MemAvailable:    2434116 kB
Buffers:            1004 kB
Cached:           602468 kB
SwapCached:            0 kB
Active:           461592 kB
Inactive:         194764 kB
Active(anon):     136824 kB
Inactive(anon):    52736 kB
Active(file):     324768 kB
Inactive(file):   142028 kB
Unevictable:           0 kB
Mlocked:               0 kB
SwapTotal:       1679356 kB
SwapFree:        1679356 kB
Dirty:                32 kB
Writeback:             0 kB
AnonPages:         52908 kB
Mapped:            38092 kB
Shmem:            136676 kB
Slab:             102624 kB
SReclaimable:      67772 kB
SUnreclaim:        34852 kB
KernelStack:        2400 kB
PageTables:         6812 kB
NFS_Unstable:          0 kB
Bounce:                0 kB
WritebackTmp:          0 kB
CommitLimit:     3136764 kB
Committed_AS:     850064 kB
VmallocTotal:   34359738367 kB
VmallocUsed:      154948 kB
VmallocChunk:   34359341052 kB
HardwareCorrupted:     0 kB
AnonHugePages:      2048 kB
CmaTotal:              0 kB
CmaFree:               0 kB
HugePages_Total:       0
HugePages_Free:        0
HugePages_Rsvd:        0
HugePages_Surp:        0
Hugepagesize:       2048 kB
DirectMap4k:      124864 kB
DirectMap2M:     3020800 kB