MemTotal:        2914812 kB
MemFree:          551108 kB
MemAvailable:    1388008 kB
Buffers:            1004 kB
Cached:           851828 kB
SwapCached:            0 kB
Active:          1487756 kB
Inactive:         431928 kB
Active(anon):    1067608 kB
Inactive(anon):    14084 kB
Active(file):     420148 kB
Inactive(file):   417844 kB
Unevictable:           0 kB
Mlocked:               0 kB
SwapTotal:       1679356 kB
SwapFree:        1679356 kB
Dirty:                16 kB
Writeback:             0 kB
AnonPages:       1066876 kB
Mapped:           139388 kB
Shmem:             14840 kB
Slab:             270276 kB
SReclaimable:     190416 kB
SUnreclaim:        79860 kB
KernelStack:       11504 kB
PageTables:        58704 kB
NFS_Unstable:          0 kB
Bounce:                0 kB
WritebackTmp:          0 kB
CommitLimit:     3136760 kB
Committed_AS:    6596600 kB
VmallocTotal:   34359738367 kB
VmallocUsed:      155156 kB
VmallocChunk:   34359341052 kB
HardwareCorrupted:     0 kB
AnonHugePages:    466944 kB
CmaTotal:              0 kB
CmaFree:               0 kB
HugePages_Total:       0
HugePages_Free:        0
HugePages_Rsvd:        0
HugePages_Surp:        0
Hugepagesize:       2048 kB
DirectMap4k:      139200 kB
DirectMap2M:     3006464 kB