MemTotal:       32809100 kB
MemFree:          191976 kB
Buffers:          660104 kB
Cached:         16725312 kB
SwapCached:        14696 kB
Active:         15298364 kB
Inactive:       16287664 kB
Active(anon):   12172128 kB
Inactive(anon):  2030424 kB
Active(file):    3126236 kB
Inactive(file): 14257240 kB
Unevictable:           0 kB
Mlocked:               0 kB
SwapTotal:      33554424 kB
SwapFree:       33210992 kB
Dirty:               624 kB
Writeback:             0 kB
AnonPages:      14189624 kB
Mapped:            44716 kB
Shmem:              1924 kB
Slab:             711248 kB
SReclaimable:     645576 kB
SUnreclaim:        65672 kB
KernelStack:        5848 kB
PageTables:        53404 kB
NFS_Unstable:          0 kB
Bounce:                0 kB
WritebackTmp:          0 kB
CommitLimit:    49958972 kB
Committed_AS:   15525480 kB
VmallocTotal:   34359738367 kB
VmallocUsed:      338764 kB
VmallocChunk:   34340914744 kB
HardwareCorrupted:     0 kB
AnonHugePages:  14069760 kB
HugePages_Total:       0
HugePages_Free:        0
HugePages_Rsvd:        0
HugePages_Surp:        0
Hugepagesize:       2048 kB
DirectMap4k:        4488 kB
DirectMap2M:     2023424 kB
DirectMap1G:    31457280 kB