MemTotal:        1884508 kB
MemFree:          415188 kB
MemAvailable:    1487796 kB
Buffers:            2724 kB
Cached:          1198220 kB
SwapCached:            0 kB
Active:           415232 kB
Inactive:         878060 kB
Active(anon):      88256 kB
Inactive(anon):    62052 kB
Active(file):     326976 kB
Inactive(file):   816008 kB
Unevictable:           0 kB
Mlocked:               0 kB
SwapTotal:       1679356 kB
SwapFree:        1679356 kB
Dirty:                28 kB
Writeback:             0 kB
AnonPages:         92360 kB
Mapped:            42240 kB
Shmem:             57960 kB
Slab:             122880 kB
SReclaimable:      84496 kB
SUnreclaim:        38384 kB
KernelStack:        2208 kB
PageTables:         7500 kB
NFS_Unstable:          0 kB
Bounce:                0 kB
WritebackTmp:          0 kB
CommitLimit:     2621608 kB
Committed_AS:     488356 kB
VmallocTotal:   34359738367 kB
VmallocUsed:      149408 kB
VmallocChunk:   34359570432 kB
HardwareCorrupted:     0 kB
AnonHugePages:     16384 kB
HugePages_Total:       0
HugePages_Free:        0
HugePages_Rsvd:        0
HugePages_Surp:        0
Hugepagesize:       2048 kB
DirectMap4k:       67520 kB
DirectMap2M:     2029568 kB
